// Jest Snapshot v1, https://goo.gl/fbAQLP

exports[`should render ExpenseDashboardPage 1`] = `
<div>
  <p>
    This is from my dashboard component.
  </p>
  <ExpensesSummary />
  <Connect(ExpenseListFilters) />
  <Connect(ExpenseList) />
</div>
`;
