// Jest Snapshot v1, https://goo.gl/fbAQLP

exports[`should render expense item 1`] = `
<div>
  <Link
    replace={false}
    to="/edit/1"
  >
    <h3>
      Description: 
      Gum
    </h3>
  </Link>
  <p>
    Amount: $
    1.95
  </p>
  <p>
    Created At: 
    Dec 31st, 1969
  </p>
  <hr />
</div>
`;
